// Jest Snapshot v1, https://goo.gl/fbAQLP

exports[`Testing the closeSearch block in Header. If State isSearchShown = false, we check the closeSearch snapshot 1`] = `
<styled.header>
  <SiteTitle />
  <Switch>
    <Route
      path="/film/:id"
    >
      <Connect(MovieInfo) />
      <Connect(SortResultsSection)
        isSearchShown={true}
      />
    </Route>
    <Route
      path="/"
    >
      <Connect(SearchSection) />
      <Connect(SortResultsSection)
        isSearchShown={false}
      />
    </Route>
  </Switch>
</styled.header>
`;

exports[`Testing the openSearch block in Header. If State isSearchShown = true, we check the openSearch snapshot 1`] = `
<styled.header>
  <SiteTitle />
  <Switch>
    <Route
      path="/film/:id"
    >
      <Connect(MovieInfo) />
      <Connect(SortResultsSection)
        isSearchShown={true}
      />
    </Route>
    <Route
      path="/"
    >
      <Connect(SearchSection) />
      <Connect(SortResultsSection)
        isSearchShown={false}
      />
    </Route>
  </Switch>
</styled.header>
`;
