// Jest Snapshot v1, https://goo.gl/fbAQLP

exports[`Render Main. Main 1`] = `
<main
  className="main"
>
  <MovieItem
    genre="fantasy"
    image="https://avatars.mds.yandex.net/get-kinopoisk-image/1704946/57375a05-4883-4994-b33b-8d60741a0706/300x450"
    key="1"
    name="The Witcher"
    year="2019"
  />
  <MovieItem
    genre="Drama"
    image="https://d2ajy4iry6zk4j.cloudfront.net/pubvat/81277950/thumbnail/medium/pkdhjf35g"
    key="2"
    name="Elona Holmes"
    year="2019"
  />
  <MovieItem
    genre="Drama"
    image="https://avatars.mds.yandex.net/get-kinopoisk-image/1898899/4c78b2e3-ffed-4985-bbc2-642952c92f5e/300x450"
    key="3"
    name="1+1"
    year="2011"
  />
  <MovieItem
    genre="Drama"
    image="https://avatars.mds.yandex.net/get-kinopoisk-image/1946459/84934543-5991-4c93-97eb-beb6186a3ad7/300x450"
    key="4"
    name="Joker"
    year="2019"
  />
  <MovieItem
    genre="thriller"
    image="https://avatars.mds.yandex.net/get-kinopoisk-image/1946459/910a3261-ff47-4cc7-866c-6e0388ef3ecc/300x450"
    key="5"
    name="Blade Runner"
    year="2017"
  />
  <MovieItem
    genre="Drama"
    image="https://d2ajy4iry6zk4j.cloudfront.net/pubvat/81277950/thumbnail/medium/pkdhjf35g"
    key="6"
    name="Elona Holmes"
    year="2019"
  />
  <MovieItem
    genre="fantasy"
    image="https://avatars.mds.yandex.net/get-kinopoisk-image/1704946/57375a05-4883-4994-b33b-8d60741a0706/300x450"
    key="7"
    name="The Witcher"
    year="2019"
  />
  <MovieItem
    genre="Drama"
    image="https://d2ajy4iry6zk4j.cloudfront.net/pubvat/81277950/thumbnail/medium/pkdhjf35g"
    key="8"
    name="Elona Holmes"
    year="2019"
  />
  <MovieItem
    genre="fantasy"
    image="https://avatars.mds.yandex.net/get-kinopoisk-image/1704946/57375a05-4883-4994-b33b-8d60741a0706/300x450"
    key="9"
    name="The Witcher"
    year="2019"
  />
  <MovieItem
    genre="Drama"
    image="https://d2ajy4iry6zk4j.cloudfront.net/pubvat/81277950/thumbnail/medium/pkdhjf35g"
    key="10"
    name="Elona Holmes"
    year="2019"
  />
</main>
`;
